{"body":{"messages":[{"@type":"/cosmos.bank.v1beta1.MsgUpdateParams","authority":"bc1pcqx3f8qg4w3mrvmq3ndcx225tng2tgqgpw0dquc3eyyef5y55nnqecqml7","params":{"send_enabled":[{"denom":"stake","enabled":true}],"default_send_enabled":true}}],"memo":"","timeout_height":"0","unordered":false,"timeout_timestamp":null,"extension_options":[],"non_critical_extension_options":[]},"auth_info":{"signer_infos":[],"fee":{"amount":[],"gas_limit":"200000","payer":"","granter":""},"tip":null},"signatures":[]}