{"body":{"messages":[{"@type":"/cosmos.bank.v1beta1.MsgSend","from_address":"bc1pcqx3f8qg4w3mrvmq3ndcx225tng2tgqgpw0dquc3eyyef5y55nnqecqml7","to_address":"bc1pcqx3f8qg4w3mrvmq3ndcx225tng2tgqgpw0dquc3eyyef5y55nnqecqml7","amount":[{"denom":"foo","amount":"1"}]}],"memo":"","timeout_height":"0","unordered":false,"timeout_timestamp":null,"extension_options":[],"non_critical_extension_options":[]},"auth_info":{"signer_infos":[],"fee":{"amount":[],"gas_limit":"200000","payer":"","granter":""},"tip":null},"signatures":[]}
